To honour the JVM settings for this build a single-use Daemon process will be forked. For more on this, please refer to https://docs.gradle.org/8.13/userguide/gradle_daemon.html#sec:disabling_the_daemon in the Gradle documentation.
Daemon will be stopped at the end of the build 
> Task :gradle-plugin:settings-plugin:checkKotlinGradlePluginConfigurationErrors SKIPPED
> Task :expo-gradle-plugin:expo-autolinking-plugin-shared:checkKotlinGradlePluginConfigurationErrors SKIPPED
> Task :gradle-plugin:shared:checkKotlinGradlePluginConfigurationErrors SKIPPED
> Task :gradle-plugin:shared:compileKotlin UP-TO-DATE
> Task :expo-gradle-plugin:expo-autolinking-plugin-shared:compileKotlin UP-TO-DATE
> Task :expo-gradle-plugin:expo-autolinking-plugin-shared:compileJava NO-SOURCE
> Task :gradle-plugin:shared:compileJava NO-SOURCE
> Task :gradle-plugin:shared:processResources NO-SOURCE
> Task :expo-gradle-plugin:expo-autolinking-plugin-shared:processResources NO-SOURCE
> Task :expo-gradle-plugin:expo-autolinking-plugin-shared:classes UP-TO-DATE
> Task :gradle-plugin:shared:classes UP-TO-DATE
> Task :expo-gradle-plugin:expo-autolinking-plugin-shared:jar UP-TO-DATE
> Task :gradle-plugin:shared:jar UP-TO-DATE
> Task :expo-gradle-plugin:expo-autolinking-settings-plugin:checkKotlinGradlePluginConfigurationErrors SKIPPED
> Task :gradle-plugin:settings-plugin:compileKotlin UP-TO-DATE
> Task :gradle-plugin:settings-plugin:compileJava NO-SOURCE
> Task :gradle-plugin:settings-plugin:pluginDescriptors UP-TO-DATE
> Task :gradle-plugin:settings-plugin:processResources UP-TO-DATE
> Task :gradle-plugin:settings-plugin:classes UP-TO-DATE
> Task :expo-gradle-plugin:expo-autolinking-settings-plugin:compileKotlin UP-TO-DATE
> Task :gradle-plugin:settings-plugin:jar UP-TO-DATE
> Task :expo-gradle-plugin:expo-autolinking-settings-plugin:compileJava NO-SOURCE
> Task :expo-gradle-plugin:expo-autolinking-settings-plugin:pluginDescriptors UP-TO-DATE
> Task :expo-gradle-plugin:expo-autolinking-settings-plugin:processResources UP-TO-DATE
> Task :expo-gradle-plugin:expo-autolinking-settings-plugin:classes UP-TO-DATE
> Task :expo-gradle-plugin:expo-autolinking-settings-plugin:jar UP-TO-DATE
> Task :expo-gradle-plugin:expo-autolinking-plugin:checkKotlinGradlePluginConfigurationErrors SKIPPED
> Task :gradle-plugin:react-native-gradle-plugin:checkKotlinGradlePluginConfigurationErrors SKIPPED
> Task :expo-module-gradle-plugin:checkKotlinGradlePluginConfigurationErrors SKIPPED
> Task :expo-module-gradle-plugin:pluginDescriptors UP-TO-DATE
> Task :expo-module-gradle-plugin:processResources UP-TO-DATE
> Task :expo-gradle-plugin:expo-autolinking-plugin:compileKotlin UP-TO-DATE
> Task :expo-gradle-plugin:expo-autolinking-plugin:compileJava NO-SOURCE
> Task :expo-gradle-plugin:expo-autolinking-plugin:pluginDescriptors UP-TO-DATE
> Task :expo-gradle-plugin:expo-autolinking-plugin:processResources UP-TO-DATE
> Task :expo-gradle-plugin:expo-autolinking-plugin:classes UP-TO-DATE
> Task :gradle-plugin:react-native-gradle-plugin:compileKotlin UP-TO-DATE
> Task :gradle-plugin:react-native-gradle-plugin:compileJava NO-SOURCE
> Task :expo-gradle-plugin:expo-autolinking-plugin:jar UP-TO-DATE
> Task :gradle-plugin:react-native-gradle-plugin:pluginDescriptors UP-TO-DATE
> Task :gradle-plugin:react-native-gradle-plugin:processResources UP-TO-DATE
> Task :gradle-plugin:react-native-gradle-plugin:classes UP-TO-DATE
> Task :gradle-plugin:react-native-gradle-plugin:jar UP-TO-DATE
> Task :expo-module-gradle-plugin:compileKotlin UP-TO-DATE
> Task :expo-module-gradle-plugin:compileJava NO-SOURCE
> Task :expo-module-gradle-plugin:classes UP-TO-DATE
> Task :expo-module-gradle-plugin:jar UP-TO-DATE

> Configure project :
[32m[ExpoRootProject][0m Using the following versions:
  - buildTools:  [32m36.0.0[0m
  - minSdk:      [32m24[0m
  - compileSdk:  [32m36[0m
  - targetSdk:   [32m36[0m
  - ndk:         [32m30.0.14904198[0m
  - kotlin:      [32m2.1.20[0m
  - ksp:         [32m2.1.20-2.0.1[0m

> Configure project :expo

Using expo modules
  - [32mexpo-constants[0m (18.0.13)
  - [32mexpo-modules-core[0m (3.0.30)
  - [33m[📦][0m [32mexpo-asset[0m (12.0.13)
  - [33m[📦][0m [32mexpo-file-system[0m (19.0.23)
  - [33m[📦][0m [32mexpo-font[0m (14.0.12)
  - [33m[📦][0m [32mexpo-keep-awake[0m (15.0.8)
  - [33m[📦][0m [32mexpo-speech[0m (14.0.8)

Checking the license for package Android SDK Build-Tools 35 in C:\Users\enascime\AppData\Local\Android\Sdk\licenses
License for package Android SDK Build-Tools 35 accepted.
Preparing "Install Android SDK Build-Tools 35 v.35.0.0".
"Install Android SDK Build-Tools 35 v.35.0.0" ready.
Installing Android SDK Build-Tools 35 in C:\Users\enascime\AppData\Local\Android\Sdk\build-tools\35.0.0
"Install Android SDK Build-Tools 35 v.35.0.0" complete.
"Install Android SDK Build-Tools 35 v.35.0.0" finished.
[=========                              ] 25%                                   [=========                              ] 25% Fetch remote repository...        [=======================================] 100% Fetch remote repository...       

> Task :app:generateAutolinkingNewArchitectureFiles
> Task :app:generateAutolinkingPackageList
> Task :app:generateCodegenSchemaFromJavaScript SKIPPED
> Task :app:generateCodegenArtifactsFromSchema SKIPPED
> Task :app:generateReactNativeEntryPoint
> Task :expo:generatePackagesList
> Task :expo:preBuild

> Task :expo-constants:createExpoConfig
The NODE_ENV environment variable is required but was not specified. Ensure the project is bundled with Expo CLI or NODE_ENV is set. Using only .env.local and .env

> Task :expo-constants:preBuild
> Task :expo-modules-core:preBuild UP-TO-DATE
> Task :react-native-gesture-handler:generateCodegenSchemaFromJavaScript
> Task :react-native-gesture-handler:generateCodegenArtifactsFromSchema
> Task :react-native-gesture-handler:preBuild
> Task :react-native-reanimated:assertMinimalReactNativeVersionTask
> Task :react-native-reanimated:assertNewArchitectureEnabledTask SKIPPED
> Task :react-native-reanimated:assertWorkletsVersionTask
> Task :react-native-reanimated:generateCodegenSchemaFromJavaScript
> Task :react-native-reanimated:generateCodegenArtifactsFromSchema
> Task :react-native-reanimated:prepareReanimatedHeadersForPrefabs
> Task :react-native-reanimated:preBuild
> Task :react-native-safe-area-context:generateCodegenSchemaFromJavaScript
> Task :react-native-safe-area-context:generateCodegenArtifactsFromSchema
> Task :react-native-safe-area-context:preBuild
> Task :react-native-screens:generateCodegenSchemaFromJavaScript
> Task :react-native-screens:generateCodegenArtifactsFromSchema
> Task :react-native-screens:preBuild
> Task :react-native-worklets:assertMinimalReactNativeVersionTask
> Task :react-native-worklets:assertNewArchitectureEnabledTask SKIPPED
> Task :react-native-worklets:generateCodegenSchemaFromJavaScript
> Task :react-native-worklets:generateCodegenArtifactsFromSchema
> Task :react-native-worklets:prepareWorkletsHeadersForPrefabs
> Task :react-native-worklets:preBuild
> Task :app:preBuild
> Task :app:preReleaseBuild
> Task :react-native-reanimated:preReleaseBuild
> Task :react-native-worklets:preReleaseBuild

> Task :react-native-worklets:configureCMakeRelWithDebInfo[arm64-v8a]
Checking the license for package CMake 3.22.1 in C:\Users\enascime\AppData\Local\Android\Sdk\licenses
License for package CMake 3.22.1 accepted.
Preparing "Install CMake 3.22.1 v.3.22.1".
"Install CMake 3.22.1 v.3.22.1" ready.
Installing CMake 3.22.1 in C:\Users\enascime\AppData\Local\Android\Sdk\cmake\3.22.1
"Install CMake 3.22.1 v.3.22.1" complete.
"Install CMake 3.22.1 v.3.22.1" finished.

> Task :react-native-worklets:configureCMakeRelWithDebInfo[armeabi-v7a]
> Task :react-native-worklets:configureCMakeRelWithDebInfo[x86]
> Task :react-native-worklets:configureCMakeRelWithDebInfo[x86_64]
> Task :react-native-worklets:generateJsonModelRelease
> Task :react-native-worklets:prefabReleaseConfigurePackage
> Task :react-native-reanimated:configureCMakeRelWithDebInfo[arm64-v8a]
> Task :react-native-reanimated:configureCMakeRelWithDebInfo[armeabi-v7a]
> Task :react-native-reanimated:configureCMakeRelWithDebInfo[x86]
> Task :react-native-reanimated:configureCMakeRelWithDebInfo[x86_64]
> Task :react-native-reanimated:generateJsonModelRelease
> Task :react-native-reanimated:prefabReleaseConfigurePackage

> Task :app:configureCMakeRelWithDebInfo[arm64-v8a]
C/C++: CMake Warning in C:/workspace/git/GlicoReminder/node_modules/react-native-gesture-handler/android/build/generated/source/codegen/jni/CMakeLists.txt:
C/C++:   The object file directory
C/C++:     C:/workspace/git/GlicoReminder/android/app/.cxx/RelWithDebInfo/4x4xf1n2/arm64-v8a/rngesturehandler_codegen_autolinked_build/CMakeFiles/react_codegen_rngesturehandler_codegen.dir/./
C/C++:   has 180 characters.  The maximum full path to an object file is 250
C/C++:   characters (see CMAKE_OBJECT_PATH_MAX).  Object file
C/C++:     react/renderer/components/rngesturehandler_codegen/rngesturehandler_codegenJSI-generated.cpp.o
C/C++:   cannot be safely placed under this directory.  The build may not work
C/C++:   correctly.

> Task :react-native-worklets:buildCMakeRelWithDebInfo[arm64-v8a][worklets]
> Task :react-native-worklets:buildCMakeRelWithDebInfo[armeabi-v7a][worklets]
> Task :react-native-worklets:buildCMakeRelWithDebInfo[x86][worklets]
> Task :react-native-worklets:buildCMakeRelWithDebInfo[x86_64][worklets]
> Task :react-native-worklets:externalNativeBuildRelease
> Task :react-native-worklets:prefabReleasePackage
> Task :react-native-reanimated:buildCMakeRelWithDebInfo[arm64-v8a][reanimated]
> Task :react-native-reanimated:buildCMakeRelWithDebInfo[armeabi-v7a][reanimated]
> Task :react-native-reanimated:buildCMakeRelWithDebInfo[x86][reanimated]
> Task :react-native-reanimated:buildCMakeRelWithDebInfo[x86_64][reanimated]
> Task :react-native-worklets:mergeReleaseJniLibFolders
> Task :react-native-worklets:mergeReleaseNativeLibs

> Task :app:configureCMakeRelWithDebInfo[armeabi-v7a]
C/C++: CMake Warning in C:/workspace/git/GlicoReminder/node_modules/react-native-gesture-handler/android/build/generated/source/codegen/jni/CMakeLists.txt:
C/C++:   The object file directory
C/C++:     C:/workspace/git/GlicoReminder/android/app/.cxx/RelWithDebInfo/4x4xf1n2/armeabi-v7a/rngesturehandler_codegen_autolinked_build/CMakeFiles/react_codegen_rngesturehandler_codegen.dir/./
C/C++:   has 182 characters.  The maximum full path to an object file is 250
C/C++:   characters (see CMAKE_OBJECT_PATH_MAX).  Object file
C/C++:     react/renderer/components/rngesturehandler_codegen/rngesturehandler_codegenJSI-generated.cpp.o
C/C++:   cannot be safely placed under this directory.  The build may not work
C/C++:   correctly.

> Task :react-native-worklets:copyReleaseJniLibsProjectOnly
> Task :app:configureCMakeRelWithDebInfo[x86]
> Task :react-native-reanimated:externalNativeBuildRelease
> Task :react-native-reanimated:prefabReleasePackage
> Task :app:buildCMakeRelWithDebInfo[arm64-v8a]
> Task :app:buildCMakeRelWithDebInfo[armeabi-v7a]
> Task :app:buildCMakeRelWithDebInfo[x86]

> Task :app:configureCMakeRelWithDebInfo[x86_64]
C/C++: CMake Warning in C:/workspace/git/GlicoReminder/node_modules/react-native-gesture-handler/android/build/generated/source/codegen/jni/CMakeLists.txt:
C/C++:   The object file directory
C/C++:     C:/workspace/git/GlicoReminder/android/app/.cxx/RelWithDebInfo/4x4xf1n2/x86_64/rngesturehandler_codegen_autolinked_build/CMakeFiles/react_codegen_rngesturehandler_codegen.dir/./
C/C++:   has 177 characters.  The maximum full path to an object file is 250
C/C++:   characters (see CMAKE_OBJECT_PATH_MAX).  Object file
C/C++:     react/renderer/components/rngesturehandler_codegen/rngesturehandler_codegenJSI-generated.cpp.o
C/C++:   cannot be safely placed under this directory.  The build may not work
C/C++:   correctly.

> Task :app:buildCMakeRelWithDebInfo[x86_64]
C/C++: ninja: Entering directory `C:\workspace\git\GlicoReminder\android\app\.cxx\RelWithDebInfo\4x4xf1n2\x86_64'
C/C++: cmd.exe /C "cd . && C:\Users\enascime\AppData\Local\Android\Sdk\ndk\30.0.14904198\toolchains\llvm\prebuilt\windows-x86_64\bin\clang++.exe --target=x86_64-none-linux-android24 --sysroot=C:/Users/enascime/AppData/Local/Android/Sdk/ndk/30.0.14904198/toolchains/llvm/prebuilt/windows-x86_64/sysroot -fPIC -g -DANDROID -fdata-sections -ffunction-sections -funwind-tables -fstack-protector-strong -no-canonical-prefixes -D_FORTIFY_SOURCE=2 -Wformat -Werror=format-security   -O2 -g -DNDEBUG  -Wl,--build-id=sha1 -Wl,--no-rosegment -Wl,--no-undefined-version -Wl,--fatal-warnings -Wl,--no-undefined -Qunused-arguments  -Wl,--gc-sections -shared -Wl,-soname,libreact_codegen_safeareacontext.so -o C:\workspace\git\GlicoReminder\android\app\build\intermediates\cxx\RelWithDebInfo\4x4xf1n2\obj\x86_64\libreact_codegen_safeareacontext.so safeareacontext_autolinked_build/CMakeFiles/react_codegen_safeareacontext.dir/70d580d75921a9a123b349cc4dfd0ede/components/safeareacontext/RNCSafeAreaViewShadowNode.cpp.o safeareacontext_autolinked_build/CMakeFiles/react_codegen_safeareacontext.dir/70d580d75921a9a123b349cc4dfd0ede/components/safeareacontext/RNCSafeAreaViewState.cpp.o safeareacontext_autolinked_build/CMakeFiles/react_codegen_safeareacontext.dir/8772012c4b90116e0034952e6e9f34ae/components/safeareacontext/ComponentDescriptors.cpp.o safeareacontext_autolinked_build/CMakeFiles/react_codegen_safeareacontext.dir/f9647912293975afaed22bd11a512880/renderer/components/safeareacontext/EventEmitters.cpp.o safeareacontext_autolinked_build/CMakeFiles/react_codegen_safeareacontext.dir/93ffb4f3a87bcacd92f8f67a951a507e/jni/react/renderer/components/safeareacontext/Props.cpp.o safeareacontext_autolinked_build/CMakeFiles/react_codegen_safeareacontext.dir/f9647912293975afaed22bd11a512880/renderer/components/safeareacontext/ShadowNodes.cpp.o safeareacontext_autolinked_build/CMakeFiles/react_codegen_safeareacontext.dir/93ffb4f3a87bcacd92f8f67a951a507e/jni/react/renderer/components/safeareacontext/States.cpp.o safeareacontext_autolinked_build/CMakeFiles/react_codegen_safeareacontext.dir/560b1b3da01254d1a4400def4cb20a7a/safeareacontext/safeareacontextJSI-generated.cpp.o safeareacontext_autolinked_build/CMakeFiles/react_codegen_safeareacontext.dir/fade0e6904136e24d94fb82302486e44/source/codegen/jni/safeareacontext-generated.cpp.o  C:/Users/enascime/.gradle/caches/8.13/transforms/430fbba506ef392967fe4405e49e68e7/transformed/fbjni-0.7.0/prefab/modules/fbjni/libs/android.x86_64/libfbjni.so  C:/Users/enascime/.gradle/caches/8.13/transforms/83fa212c739bebfbc786950861bcbc55/transformed/react-android-0.81.5-release/prefab/modules/jsi/libs/android.x86_64/libjsi.so  C:/Users/enascime/.gradle/caches/8.13/transforms/83fa212c739bebfbc786950861bcbc55/transformed/react-android-0.81.5-release/prefab/modules/reactnative/libs/android.x86_64/libreactnative.so  -latomic -lm && cd ."
C/C++: clang++: error: no such file or directory: 'safeareacontext_autolinked_build/CMakeFiles/react_codegen_safeareacontext.dir/70d580d75921a9a123b349cc4dfd0ede/components/safeareacontext/RNCSafeAreaViewState.cpp.o'
C/C++: clang++: error: no such file or directory: 'safeareacontext_autolinked_build/CMakeFiles/react_codegen_safeareacontext.dir/f9647912293975afaed22bd11a512880/renderer/components/safeareacontext/EventEmitters.cpp.o'
C/C++: [28/53] Building CXX object rnscreens_autolinked_build/CMakeFiles/react_codegen_rnscreens.dir/bbd118ebcbdf81eec45c58b7e5b5012a/cpp/react/renderer/components/rnscreens/RNSModalScreenShadowNode.cpp.o
C/C++: [29/53] Building CXX object rnscreens_autolinked_build/CMakeFiles/react_codegen_rnscreens.dir/bbd118ebcbdf81eec45c58b7e5b5012a/cpp/react/renderer/components/rnscreens/RNSScreenShadowNode.cpp.o
C/C++: [30/53] Building CXX object rnscreens_autolinked_build/CMakeFiles/react_codegen_rnscreens.dir/aaa46016adb9b2d613b574fd2c48d080/renderer/components/rnscreens/RNSFullWindowOverlayShadowNode.cpp.o
C/C++: [31/53] Building CXX object rnscreens_autolinked_build/CMakeFiles/react_codegen_rnscreens.dir/aaa46016adb9b2d613b574fd2c48d080/renderer/components/rnscreens/RNSScreenStackHeaderConfigState.cpp.o
C/C++: [32/53] Building CXX object rnscreens_autolinked_build/CMakeFiles/react_codegen_rnscreens.dir/39eb55f429b65aa35221b66cda453f9b/components/rnscreens/RNSScreenStackHeaderConfigShadowNode.cpp.o
C/C++: [33/53] Building CXX object rnscreens_autolinked_build/CMakeFiles/react_codegen_rnscreens.dir/bbd118ebcbdf81eec45c58b7e5b5012a/cpp/react/renderer/components/rnscreens/RNSBottomTabsShadowNode.cpp.o
C/C++: [34/53] Building CXX object rnscreens_autolinked_build/CMakeFiles/react_codegen_rnscreens.dir/aaa46016adb9b2d613b574fd2c48d080/renderer/components/rnscreens/RNSScreenStackHeaderSubviewState.cpp.o
C/C++: [35/53] Building CXX object rnscreens_autolinked_build/CMakeFiles/react_codegen_rnscreens.dir/34f5ef629738a76194dbfb9a79f7de8f/react/renderer/components/rnscreens/RNSSplitViewScreenShadowNode.cpp.o
C/C++: [36/53] Building CXX object rnscreens_autolinked_build/CMakeFiles/react_codegen_rnscreens.dir/39eb55f429b65aa35221b66cda453f9b/components/rnscreens/RNSScreenStackHeaderSubviewShadowNode.cpp.o
C/C++: ninja: build stopped: subcommand failed.

> Task :app:buildCMakeRelWithDebInfo[x86_64] FAILED

[Incubating] Problems report is available at: file:///C:/workspace/git/GlicoReminder/android/build/reports/problems/problems-report.html

FAILURE: Build failed with an exception.

* What went wrong:
Execution failed for task ':app:buildCMakeRelWithDebInfo[x86_64]'.
> com.android.ide.common.process.ProcessException: ninja: Entering directory `C:\workspace\git\GlicoReminder\android\app\.cxx\RelWithDebInfo\4x4xf1n2\x86_64'
  [0/2] Re-checking globbed directories...
  [1/53] Building CXX object rngesturehandler_codegen_autolinked_build/CMakeFiles/react_codegen_rngesturehandler_codegen.dir/react/renderer/components/rngesturehandler_codegen/EventEmitters.cpp.o
  [2/53] Building CXX object rngesturehandler_codegen_autolinked_build/CMakeFiles/react_codegen_rngesturehandler_codegen.dir/react/renderer/components/rngesturehandler_codegen/States.cpp.o
  [3/53] Building CXX object rngesturehandler_codegen_autolinked_build/CMakeFiles/react_codegen_rngesturehandler_codegen.dir/rngesturehandler_codegen-generated.cpp.o
  [4/53] Building CXX object rngesturehandler_codegen_autolinked_build/CMakeFiles/react_codegen_rngesturehandler_codegen.dir/react/renderer/components/rngesturehandler_codegen/rngesturehandler_codegenJSI-generated.cpp.o
  [5/53] Building CXX object CMakeFiles/appmodules.dir/OnLoad.cpp.o
  [6/53] Building CXX object rngesturehandler_codegen_autolinked_build/CMakeFiles/react_codegen_rngesturehandler_codegen.dir/react/renderer/components/rngesturehandler_codegen/ShadowNodes.cpp.o
  [7/53] Building CXX object rngesturehandler_codegen_autolinked_build/CMakeFiles/react_codegen_rngesturehandler_codegen.dir/bac033cd950586cef66695376748dd33/ComponentDescriptors.cpp.o
  [8/53] Building CXX object rnreanimated_autolinked_build/CMakeFiles/react_codegen_rnreanimated.dir/react/renderer/components/rnreanimated/ComponentDescriptors.cpp.o
  [9/53] Building CXX object rngesturehandler_codegen_autolinked_build/CMakeFiles/react_codegen_rngesturehandler_codegen.dir/react/renderer/components/rngesturehandler_codegen/Props.cpp.o
  [10/53] Building CXX object rnreanimated_autolinked_build/CMakeFiles/react_codegen_rnreanimated.dir/react/renderer/components/rnreanimated/EventEmitters.cpp.o
  [11/53] Building CXX object rnreanimated_autolinked_build/CMakeFiles/react_codegen_rnreanimated.dir/react/renderer/components/rnreanimated/States.cpp.o
  [12/53] Building CXX object rnreanimated_autolinked_build/CMakeFiles/react_codegen_rnreanimated.dir/react/renderer/components/rnreanimated/Props.cpp.o
  [13/53] Building CXX object rnreanimated_autolinked_build/CMakeFiles/react_codegen_rnreanimated.dir/react/renderer/components/rnreanimated/ShadowNodes.cpp.o
  [14/53] Building CXX object rnreanimated_autolinked_build/CMakeFiles/react_codegen_rnreanimated.dir/react/renderer/components/rnreanimated/rnreanimatedJSI-generated.cpp.o
  [15/53] Building CXX object rnreanimated_autolinked_build/CMakeFiles/react_codegen_rnreanimated.dir/rnreanimated-generated.cpp.o
  [16/53] Building CXX object safeareacontext_autolinked_build/CMakeFiles/react_codegen_safeareacontext.dir/f9647912293975afaed22bd11a512880/renderer/components/safeareacontext/EventEmitters.cpp.o
  [17/53] Building CXX object safeareacontext_autolinked_build/CMakeFiles/react_codegen_safeareacontext.dir/70d580d75921a9a123b349cc4dfd0ede/components/safeareacontext/RNCSafeAreaViewState.cpp.o
  [18/53] Building CXX object CMakeFiles/appmodules.dir/C_/workspace/git/GlicoReminder/android/app/build/generated/autolinking/src/main/jni/autolinking.cpp.o
  [19/53] Building CXX object safeareacontext_autolinked_build/CMakeFiles/react_codegen_safeareacontext.dir/70d580d75921a9a123b349cc4dfd0ede/components/safeareacontext/RNCSafeAreaViewShadowNode.cpp.o
  [20/53] Building CXX object safeareacontext_autolinked_build/CMakeFiles/react_codegen_safeareacontext.dir/93ffb4f3a87bcacd92f8f67a951a507e/jni/react/renderer/components/safeareacontext/States.cpp.o
  [21/53] Building CXX object safeareacontext_autolinked_build/CMakeFiles/react_codegen_safeareacontext.dir/f9647912293975afaed22bd11a512880/renderer/components/safeareacontext/ShadowNodes.cpp.o
  [22/53] Building CXX object safeareacontext_autolinked_build/CMakeFiles/react_codegen_safeareacontext.dir/fade0e6904136e24d94fb82302486e44/source/codegen/jni/safeareacontext-generated.cpp.o
  [23/53] Building CXX object safeareacontext_autolinked_build/CMakeFiles/react_codegen_safeareacontext.dir/93ffb4f3a87bcacd92f8f67a951a507e/jni/react/renderer/components/safeareacontext/Props.cpp.o
  [24/53] Building CXX object safeareacontext_autolinked_build/CMakeFiles/react_codegen_safeareacontext.dir/8772012c4b90116e0034952e6e9f34ae/components/safeareacontext/ComponentDescriptors.cpp.o
  [25/53] Building CXX object rnscreens_autolinked_build/CMakeFiles/react_codegen_rnscreens.dir/bbd118ebcbdf81eec45c58b7e5b5012a/cpp/react/renderer/components/rnscreens/RNSBottomTabsState.cpp.o
  [26/53] Building CXX object safeareacontext_autolinked_build/CMakeFiles/react_codegen_safeareacontext.dir/560b1b3da01254d1a4400def4cb20a7a/safeareacontext/safeareacontextJSI-generated.cpp.o
  [27/53] Linking CXX shared library C:\workspace\git\GlicoReminder\android\app\build\intermediates\cxx\RelWithDebInfo\4x4xf1n2\obj\x86_64\libreact_codegen_safeareacontext.so
  FAILED: C:/workspace/git/GlicoReminder/android/app/build/intermediates/cxx/RelWithDebInfo/4x4xf1n2/obj/x86_64/libreact_codegen_safeareacontext.so 
  cmd.exe /C "cd . && C:\Users\enascime\AppData\Local\Android\Sdk\ndk\30.0.14904198\toolchains\llvm\prebuilt\windows-x86_64\bin\clang++.exe --target=x86_64-none-linux-android24 --sysroot=C:/Users/enascime/AppData/Local/Android/Sdk/ndk/30.0.14904198/toolchains/llvm/prebuilt/windows-x86_64/sysroot -fPIC -g -DANDROID -fdata-sections -ffunction-sections -funwind-tables -fstack-protector-strong -no-canonical-prefixes -D_FORTIFY_SOURCE=2 -Wformat -Werror=format-security   -O2 -g -DNDEBUG  -Wl,--build-id=sha1 -Wl,--no-rosegment -Wl,--no-undefined-version -Wl,--fatal-warnings -Wl,--no-undefined -Qunused-arguments  -Wl,--gc-sections -shared -Wl,-soname,libreact_codegen_safeareacontext.so -o C:\workspace\git\GlicoReminder\android\app\build\intermediates\cxx\RelWithDebInfo\4x4xf1n2\obj\x86_64\libreact_codegen_safeareacontext.so safeareacontext_autolinked_build/CMakeFiles/react_codegen_safeareacontext.dir/70d580d75921a9a123b349cc4dfd0ede/components/safeareacontext/RNCSafeAreaViewShadowNode.cpp.o safeareacontext_autolinked_build/CMakeFiles/react_codegen_safeareacontext.dir/70d580d75921a9a123b349cc4dfd0ede/components/safeareacontext/RNCSafeAreaViewState.cpp.o safeareacontext_autolinked_build/CMakeFiles/react_codegen_safeareacontext.dir/8772012c4b90116e0034952e6e9f34ae/components/safeareacontext/ComponentDescriptors.cpp.o safeareacontext_autolinked_build/CMakeFiles/react_codegen_safeareacontext.dir/f9647912293975afaed22bd11a512880/renderer/components/safeareacontext/EventEmitters.cpp.o safeareacontext_autolinked_build/CMakeFiles/react_codegen_safeareacontext.dir/93ffb4f3a87bcacd92f8f67a951a507e/jni/react/renderer/components/safeareacontext/Props.cpp.o safeareacontext_autolinked_build/CMakeFiles/react_codegen_safeareacontext.dir/f9647912293975afaed22bd11a512880/renderer/components/safeareacontext/ShadowNodes.cpp.o safeareacontext_autolinked_build/CMakeFiles/react_codegen_safeareacontext.dir/93ffb4f3a87bcacd92f8f67a951a507e/jni/react/renderer/components/safeareacontext/States.cpp.o safeareacontext_autolinked_build/CMakeFiles/react_codegen_safeareacontext.dir/560b1b3da01254d1a4400def4cb20a7a/safeareacontext/safeareacontextJSI-generated.cpp.o safeareacontext_autolinked_build/CMakeFiles/react_codegen_safeareacontext.dir/fade0e6904136e24d94fb82302486e44/source/codegen/jni/safeareacontext-generated.cpp.o  C:/Users/enascime/.gradle/caches/8.13/transforms/430fbba506ef392967fe4405e49e68e7/transformed/fbjni-0.7.0/prefab/modules/fbjni/libs/android.x86_64/libfbjni.so  C:/Users/enascime/.gradle/caches/8.13/transforms/83fa212c739bebfbc786950861bcbc55/transformed/react-android-0.81.5-release/prefab/modules/jsi/libs/android.x86_64/libjsi.so  C:/Users/enascime/.gradle/caches/8.13/transforms/83fa212c739bebfbc786950861bcbc55/transformed/react-android-0.81.5-release/prefab/modules/reactnative/libs/android.x86_64/libreactnative.so  -latomic -lm && cd ."
  clang++: error: no such file or directory: 'safeareacontext_autolinked_build/CMakeFiles/react_codegen_safeareacontext.dir/70d580d75921a9a123b349cc4dfd0ede/components/safeareacontext/RNCSafeAreaViewState.cpp.o'
  clang++: error: no such file or directory: 'safeareacontext_autolinked_build/CMakeFiles/react_codegen_safeareacontext.dir/f9647912293975afaed22bd11a512880/renderer/components/safeareacontext/EventEmitters.cpp.o'
  [28/53] Building CXX object rnscreens_autolinked_build/CMakeFiles/react_codegen_rnscreens.dir/bbd118ebcbdf81eec45c58b7e5b5012a/cpp/react/renderer/components/rnscreens/RNSModalScreenShadowNode.cpp.o
  [29/53] Building CXX object rnscreens_autolinked_build/CMakeFiles/react_codegen_rnscreens.dir/bbd118ebcbdf81eec45c58b7e5b5012a/cpp/react/renderer/components/rnscreens/RNSScreenShadowNode.cpp.o
  [30/53] Building CXX object rnscreens_autolinked_build/CMakeFiles/react_codegen_rnscreens.dir/aaa46016adb9b2d613b574fd2c48d080/renderer/components/rnscreens/RNSFullWindowOverlayShadowNode.cpp.o
  [31/53] Building CXX object rnscreens_autolinked_build/CMakeFiles/react_codegen_rnscreens.dir/aaa46016adb9b2d613b574fd2c48d080/renderer/components/rnscreens/RNSScreenStackHeaderConfigState.cpp.o
  [32/53] Building CXX object rnscreens_autolinked_build/CMakeFiles/react_codegen_rnscreens.dir/39eb55f429b65aa35221b66cda453f9b/components/rnscreens/RNSScreenStackHeaderConfigShadowNode.cpp.o
  [33/53] Building CXX object rnscreens_autolinked_build/CMakeFiles/react_codegen_rnscreens.dir/bbd118ebcbdf81eec45c58b7e5b5012a/cpp/react/renderer/components/rnscreens/RNSBottomTabsShadowNode.cpp.o
  [34/53] Building CXX object rnscreens_autolinked_build/CMakeFiles/react_codegen_rnscreens.dir/aaa46016adb9b2d613b574fd2c48d080/renderer/components/rnscreens/RNSScreenStackHeaderSubviewState.cpp.o
  [35/53] Building CXX object rnscreens_autolinked_build/CMakeFiles/react_codegen_rnscreens.dir/34f5ef629738a76194dbfb9a79f7de8f/react/renderer/components/rnscreens/RNSSplitViewScreenShadowNode.cpp.o
  [36/53] Building CXX object rnscreens_autolinked_build/CMakeFiles/react_codegen_rnscreens.dir/39eb55f429b65aa35221b66cda453f9b/components/rnscreens/RNSScreenStackHeaderSubviewShadowNode.cpp.o
  ninja: build stopped: subcommand failed.
  
  C++ build system [build] failed while executing:
      @echo off
      "C:\\Users\\enascime\\AppData\\Local\\Android\\Sdk\\cmake\\3.22.1\\bin\\ninja.exe" ^
        -C ^
        "C:\\workspace\\git\\GlicoReminder\\android\\app\\.cxx\\RelWithDebInfo\\4x4xf1n2\\x86_64" ^
        appmodules ^
        react_codegen_rnscreens ^
        react_codegen_safeareacontext
    from C:\workspace\git\GlicoReminder\android\app

* Try:
> Run with --stacktrace option to get the stack trace.
> Run with --info or --debug option to get more log output.
> Run with --scan to get full insights.
> Get more help at https://help.gradle.org.

Deprecated Gradle features were used in this build, making it incompatible with Gradle 9.0.

You can use '--warning-mode all' to show the individual deprecation warnings and determine if they come from your own scripts or plugins.

For more on this, please refer to https://docs.gradle.org/8.13/userguide/command_line_interface.html#sec:command_line_warnings in the Gradle documentation.

BUILD FAILED in 18m 56s
77 actionable tasks: 53 executed, 24 up-to-date
